#ifndef YDF_MODEL_MY_MODEL_H_
#define YDF_MODEL_MY_MODEL_H_

#include <stdint.h>

namespace my_model {

constexpr const int kNumFeatures = 14;

struct Instance {
  int32_t age;
  uint32_t workclass;
  int32_t fnlwgt;
  uint32_t education;
  int32_t education_num;
  uint32_t marital_status;
  uint32_t occupation;
  uint32_t relationship;
  uint32_t race;
  uint32_t sex;
  int32_t capital_gain;
  int32_t capital_loss;
  int32_t hours_per_week;
  uint32_t native_country;
};

inline bool Predict(const Instance& instance) {
  return {};
}

}  // namespace my_model
#endif
